###############################################################################
#
# IAR ELF Linker V7.50.2.10312/W32 for ARM                14/May/2016  01:48:11
# Copyright 2007-2015 IAR Systems AB.
#
#    Output file  =  
#        D:\работа\Libraries\Projects\SysTick project\Debug\Exe\test.out
#    Map file     =  
#        D:\работа\Libraries\Projects\SysTick project\Debug\List\test.map
#    Command line =  
#        "D:\работа\Libraries\Projects\SysTick project\Debug\Obj\GPIO.o"
#        "D:\работа\Libraries\Projects\SysTick project\Debug\Obj\main.o"
#        "D:\работа\Libraries\Projects\SysTick project\Debug\Obj\misc.o"
#        "D:\работа\Libraries\Projects\SysTick project\Debug\Obj\Relay.o"
#        "D:\работа\Libraries\Projects\SysTick
#        project\Debug\Obj\startup_stm32f10x_hd.o"
#        "D:\работа\Libraries\Projects\SysTick
#        project\Debug\Obj\stm32f10x_gpio.o"
#        "D:\работа\Libraries\Projects\SysTick
#        project\Debug\Obj\stm32f10x_rcc.o"
#        "D:\работа\Libraries\Projects\SysTick
#        project\Debug\Obj\system_stm32f10x.o"
#        "D:\работа\Libraries\Projects\SysTick project\Debug\Obj\SysTick.o" -o
#        "D:\работа\Libraries\Projects\SysTick project\Debug\Exe\test.out"
#        --map "D:\работа\Libraries\Projects\SysTick
#        project\Debug\List\test.map" --config "C:\Program Files (x86)\IAR
#        Systems\Embedded Workbench 7.3\arm\config\linker\ST\stm32f103xC.icf"
#        --semihosting --entry __iar_program_start --vfe
#
###############################################################################

*******************************************************************************
*** RUNTIME MODEL ATTRIBUTES
***

CppFlavor       = *
__SystemLibrary = DLib


*******************************************************************************
*** PLACEMENT SUMMARY
***

"A1":  place at 0x08000000 { ro section .intvec };
"P1":  place in [from 0x08000000 to 0x0803ffff] { ro };
"P2":  place in [from 0x20000000 to 0x2000bfff] { rw, block CSTACK, block HEAP };

  Section            Kind        Address    Size  Object
  -------            ----        -------    ----  ------
"A1":                                      0x130
  .intvec            ro code  0x08000000   0x130  startup_stm32f10x_hd.o [1]
                            - 0x08000130   0x130

"P1":                                      0x888
  .text              ro code  0x08000130   0x15c  stm32f10x_gpio.o [1]
  .text              ro code  0x0800028c   0x158  system_stm32f10x.o [1]
  .text              ro code  0x080003e4   0x102  Relay.o [1]
  .text              ro code  0x080004e8    0xf0  GPIO.o [1]
  .text              ro code  0x080005d8    0x24  stm32f10x_rcc.o [1]
  .text              ro code  0x080005fc    0xd4  SysTick.o [1]
  .text              ro code  0x080006d0    0xac  main.o [1]
  .text              ro code  0x0800077c    0x38  packbits_init_single.o [4]
  .text              ro code  0x080007b4    0x28  data_init.o [4]
  .iar.init_table    const    0x080007dc    0x10  - Linker created -
  .text              ro code  0x080007ec    0x1a  cmain.o [4]
  .text              ro code  0x08000806     0x4  low_level_init.o [3]
  .text              ro code  0x0800080a     0x4  exit.o [3]
  .text              ro code  0x08000810     0xa  cexit.o [4]
  .text              ro code  0x0800081c    0x14  exit.o [5]
  .text              ro code  0x08000830    0x10  startup_stm32f10x_hd.o [1]
  .text              ro code  0x08000840     0xc  cstartup_M.o [4]
  .text              ro code  0x0800084c     0x4  startup_stm32f10x_hd.o [1]
  .text              ro code  0x08000850     0x4  startup_stm32f10x_hd.o [1]
  .text              ro code  0x08000854     0x4  startup_stm32f10x_hd.o [1]
  .text              ro code  0x08000858     0x4  startup_stm32f10x_hd.o [1]
  .text              ro code  0x0800085c     0x4  startup_stm32f10x_hd.o [1]
  .text              ro code  0x08000860     0x4  startup_stm32f10x_hd.o [1]
  .text              ro code  0x08000864     0x4  startup_stm32f10x_hd.o [1]
  .text              ro code  0x08000868     0x4  startup_stm32f10x_hd.o [1]
  .text              ro code  0x0800086c     0x4  startup_stm32f10x_hd.o [1]
  .text              ro code  0x08000870     0x4  startup_stm32f10x_hd.o [1]
  .text              ro code  0x08000874     0x4  startup_stm32f10x_hd.o [1]
  .text              ro code  0x08000878     0x4  startup_stm32f10x_hd.o [1]
  .text              ro code  0x0800087c     0x4  startup_stm32f10x_hd.o [1]
  .text              ro code  0x08000880     0x4  startup_stm32f10x_hd.o [1]
  .text              ro code  0x08000884     0x4  startup_stm32f10x_hd.o [1]
  .text              ro code  0x08000888     0x4  startup_stm32f10x_hd.o [1]
  .text              ro code  0x0800088c     0x4  startup_stm32f10x_hd.o [1]
  .text              ro code  0x08000890     0x4  startup_stm32f10x_hd.o [1]
  .text              ro code  0x08000894     0x4  startup_stm32f10x_hd.o [1]
  .text              ro code  0x08000898     0x4  startup_stm32f10x_hd.o [1]
  .text              ro code  0x0800089c     0x4  startup_stm32f10x_hd.o [1]
  .text              ro code  0x080008a0     0x4  startup_stm32f10x_hd.o [1]
  .text              ro code  0x080008a4     0x4  startup_stm32f10x_hd.o [1]
  .text              ro code  0x080008a8     0x4  startup_stm32f10x_hd.o [1]
  .text              ro code  0x080008ac     0x4  startup_stm32f10x_hd.o [1]
  .text              ro code  0x080008b0     0x4  startup_stm32f10x_hd.o [1]
  .text              ro code  0x080008b4     0x4  startup_stm32f10x_hd.o [1]
  .text              ro code  0x080008b8     0x4  startup_stm32f10x_hd.o [1]
  .text              ro code  0x080008bc     0x4  startup_stm32f10x_hd.o [1]
  .text              ro code  0x080008c0     0x4  startup_stm32f10x_hd.o [1]
  .text              ro code  0x080008c4     0x4  startup_stm32f10x_hd.o [1]
  .text              ro code  0x080008c8     0x4  startup_stm32f10x_hd.o [1]
  .text              ro code  0x080008cc     0x4  startup_stm32f10x_hd.o [1]
  .text              ro code  0x080008d0     0x4  startup_stm32f10x_hd.o [1]
  .text              ro code  0x080008d4     0x4  startup_stm32f10x_hd.o [1]
  .text              ro code  0x080008d8     0x4  startup_stm32f10x_hd.o [1]
  .text              ro code  0x080008dc     0x4  startup_stm32f10x_hd.o [1]
  .text              ro code  0x080008e0     0x4  startup_stm32f10x_hd.o [1]
  .text              ro code  0x080008e4     0x4  startup_stm32f10x_hd.o [1]
  .text              ro code  0x080008e8     0x4  startup_stm32f10x_hd.o [1]
  .text              ro code  0x080008ec     0x4  startup_stm32f10x_hd.o [1]
  .text              ro code  0x080008f0     0x4  startup_stm32f10x_hd.o [1]
  .text              ro code  0x080008f4     0x4  startup_stm32f10x_hd.o [1]
  .text              ro code  0x080008f8     0x4  startup_stm32f10x_hd.o [1]
  .text              ro code  0x080008fc     0x4  startup_stm32f10x_hd.o [1]
  .text              ro code  0x08000900     0x4  startup_stm32f10x_hd.o [1]
  .text              ro code  0x08000904     0x4  startup_stm32f10x_hd.o [1]
  .text              ro code  0x08000908     0x4  startup_stm32f10x_hd.o [1]
  .text              ro code  0x0800090c     0x4  startup_stm32f10x_hd.o [1]
  .text              ro code  0x08000910     0x4  startup_stm32f10x_hd.o [1]
  .text              ro code  0x08000914     0x4  startup_stm32f10x_hd.o [1]
  .text              ro code  0x08000918     0x4  startup_stm32f10x_hd.o [1]
  .text              ro code  0x0800091c     0x4  startup_stm32f10x_hd.o [1]
  .text              ro code  0x08000920     0x4  startup_stm32f10x_hd.o [1]
  .text              ro code  0x08000924     0x4  startup_stm32f10x_hd.o [1]
  .text              ro code  0x08000928     0x4  startup_stm32f10x_hd.o [1]
  .text              ro code  0x0800092c     0x4  startup_stm32f10x_hd.o [1]
  .text              ro code  0x08000930     0x4  startup_stm32f10x_hd.o [1]
  .text              ro code  0x08000934     0x4  startup_stm32f10x_hd.o [1]
  .text              ro code  0x08000938     0x4  startup_stm32f10x_hd.o [1]
  .text              ro code  0x0800093c     0x4  startup_stm32f10x_hd.o [1]
  .text              ro code  0x08000940     0x4  startup_stm32f10x_hd.o [1]
  .text              ro code  0x08000944     0x4  startup_stm32f10x_hd.o [1]
  .text              ro code  0x08000948     0x4  startup_stm32f10x_hd.o [1]
  .text              ro code  0x0800094c     0x4  startup_stm32f10x_hd.o [1]
  .text              ro code  0x08000950     0x4  startup_stm32f10x_hd.o [1]
  .text              ro code  0x08000954     0x4  startup_stm32f10x_hd.o [1]
  .text              ro code  0x08000958     0x4  startup_stm32f10x_hd.o [1]
  .rodata            const    0x0800095c     0x0  packbits_init_single.o [4]
  Initializer bytes  const    0x0800095c    0x5c  <for P2-1>
                            - 0x080009b8   0x888

"P2", part 1 of 2:                          0x9c
  P2-1                        0x20000000    0x9c  <Init block>
    .data            inited   0x20000000    0x10  GPIO.o [1]
    .data            inited   0x20000010    0x10  GPIO.o [1]
    .data            inited   0x20000020    0x10  GPIO.o [1]
    .data            inited   0x20000030    0x10  GPIO.o [1]
    .data            inited   0x20000040    0x14  Relay.o [1]
    .data            inited   0x20000054    0x14  Relay.o [1]
    .data            inited   0x20000068    0x14  Relay.o [1]
    .data            inited   0x2000007c    0x14  Relay.o [1]
    .data            inited   0x20000090     0x4  system_stm32f10x.o [1]
    .bss             inited   0x20000094     0x4  main.o [1]
    .bss             inited   0x20000098     0x4  SysTick.o [1]
                            - 0x2000009c    0x9c

"P2", part 2 of 2:                        0x1000
  CSTACK                      0x200000a0  0x1000  <Block>
    CSTACK           uninit   0x200000a0  0x1000  <Block tail>
                            - 0x200010a0  0x1000


*******************************************************************************
*** INIT TABLE
***

          Address     Size
          -------     ----
Copy/packbits (__iar_packbits_init_single3)
    1 source range, total size 0x5c (58% of destination):
          0x0800095c  0x5c
    1 destination range, total size 0x9c:
          0x20000000  0x9c



*******************************************************************************
*** MODULE SUMMARY
***

    Module                  ro code  ro data  rw data
    ------                  -------  -------  -------
D:\работа\Libraries\Projects\SysTick project\Debug\Obj: [1]
    GPIO.o                      240       37       64
    Relay.o                     258       47       80
    SysTick.o                   212        3        4
    main.o                      172        2        4
    startup_stm32f10x_hd.o      592
    stm32f10x_gpio.o            348
    stm32f10x_rcc.o              36
    system_stm32f10x.o          344        3        4
    -------------------------------------------------
    Total:                    2 202       92      156

command line: [2]
    -------------------------------------------------
    Total:

dl7M_tln.a: [3]
    exit.o                        4
    low_level_init.o              4
    -------------------------------------------------
    Total:                        8

rt7M_tl.a: [4]
    cexit.o                      10
    cmain.o                      26
    cstartup_M.o                 12
    data_init.o                  40
    packbits_init_single.o       56
    -------------------------------------------------
    Total:                      144

shb_l.a: [5]
    exit.o                       20
    -------------------------------------------------
    Total:                       20

    Gaps                          6
    Linker created                        16    4 096
-----------------------------------------------------
    Grand Total:              2 380      108    4 252


*******************************************************************************
*** ENTRY LIST
***

Entry                      Address  Size  Type      Object
-----                      -------  ----  ----      ------
.iar.init_table$$Base   0x080007dc         --   Gb  - Linker created -
.iar.init_table$$Limit  0x080007ec         --   Gb  - Linker created -
?main                   0x080007ed        Code  Gb  cmain.o [4]
CSTACK$$Base            0x200000a0         --   Gb  - Linker created -
CSTACK$$Limit           0x200010a0         --   Gb  - Linker created -
GPIOInit                0x080004e9  0xc0  Code  Gb  GPIO.o [1]
GPIOWrite               0x080005b9  0x20  Code  Gb  GPIO.o [1]
GPIO_Init               0x08000131  0xc0  Code  Gb  stm32f10x_gpio.o [1]
GPIO_PinRemapConfig     0x08000203  0x80  Code  Gb  stm32f10x_gpio.o [1]
GPIO_WriteBit           0x080001f1  0x12  Code  Gb  stm32f10x_gpio.o [1]
InitDWTCounter          0x0800067b  0x20  Code  Lc  SysTick.o [1]
NVIC_SetPriority        0x080005fd  0x22  Code  Lc  SysTick.o [1]
RCC_APB2PeriphClockCmd  0x080005d9  0x20  Code  Gb  stm32f10x_rcc.o [1]
Region$$Table$$Base     0x080007dc         --   Gb  - Linker created -
Region$$Table$$Limit    0x080007ec         --   Gb  - Linker created -
RelayInit               0x080003e5  0x20  Code  Gb  Relay.o [1]
RelayOff                0x080004b9  0x20  Code  Gb  Relay.o [1]
RelayPoll               0x08000405  0x7a  Code  Gb  Relay.o [1]
RelayProcessOff         0x080004d9   0xe  Code  Lc  Relay.o [1]
RelaySetPeriodOn        0x0800047f  0x20  Code  Gb  Relay.o [1]
RelaySetTimeOn          0x0800049f  0x16  Code  Gb  Relay.o [1]
SetSysClock             0x080002e1   0x8  Code  Lc  system_stm32f10x.o [1]
SetSysClockTo72         0x080002e9  0xe0  Code  Lc  system_stm32f10x.o [1]
SysTickInit             0x0800064d  0x2e  Code  Gb  SysTick.o [1]
SysTick_Config          0x0800061f  0x2e  Code  Lc  SysTick.o [1]
SysTick_Handler         0x0800069b   0xc  Code  Gb  SysTick.o [1]
SystemCoreClock         0x20000090   0x4  Data  Gb  system_stm32f10x.o [1]
SystemInit              0x0800028d  0x54  Code  Gb  system_stm32f10x.o [1]
__cmain                 0x080007ed        Code  Gb  cmain.o [4]
__exit                  0x0800081d  0x14  Code  Gb  exit.o [5]
__iar_data_init3        0x080007b5  0x28  Code  Gb  data_init.o [4]
__iar_packbits_init_single3
                        0x0800077d  0x38  Code  Gb  packbits_init_single.o [4]
__iar_program_start     0x08000841        Code  Gb  cstartup_M.o [4]
__low_level_init        0x08000807   0x4  Code  Gb  low_level_init.o [3]
__vector_table          0x08000000        Data  Gb  startup_stm32f10x_hd.o [1]
_call_main              0x080007f9        Code  Gb  cmain.o [4]
_exit                   0x08000811        Code  Gb  cexit.o [4]
_main                   0x08000803        Code  Gb  cmain.o [4]
exit                    0x0800080b   0x4  Code  Gb  exit.o [3]
globalTimer             0x20000098   0x4  Data  Gb  SysTick.o [1]
gpioLed1                0x20000000  0x10  Data  Gb  GPIO.o [1]
gpioLed2                0x20000010  0x10  Data  Gb  GPIO.o [1]
gpioLed3                0x20000020  0x10  Data  Gb  GPIO.o [1]
gpioLed4                0x20000030  0x10  Data  Gb  GPIO.o [1]
led1                    0x20000040  0x14  Data  Gb  Relay.o [1]
led2                    0x20000054  0x14  Data  Gb  Relay.o [1]
led3                    0x20000068  0x14  Data  Gb  Relay.o [1]
led4                    0x2000007c  0x14  Data  Gb  Relay.o [1]
ledsPollTimer           0x20000094   0x4  Data  Gb  main.o [1]
main                    0x080006d1  0xac  Code  Gb  main.o [1]


[1] = D:\работа\Libraries\Projects\SysTick project\Debug\Obj
[2] = command line
[3] = dl7M_tln.a
[4] = rt7M_tl.a
[5] = shb_l.a

  2 380 bytes of readonly  code memory
    108 bytes of readonly  data memory
  4 252 bytes of readwrite data memory

Errors: none
Warnings: none
